exports[`test renders GuestList correctly 1`] = `
<ScrollView
  dataSource={
    ListViewDataSource {
      "items": 2,
    }
  }
  enableEmptySections={true}
  initialListSize={10}
  onContentSizeChange={[Function]}
  onEndReachedThreshold={1000}
  onKeyboardDidHide={undefined}
  onKeyboardDidShow={undefined}
  onKeyboardWillHide={undefined}
  onKeyboardWillShow={undefined}
  onLayout={[Function]}
  onScroll={[Function]}
  pageSize={1}
  removeClippedSubviews={true}
  renderRow={[Function]}
  scrollEventThrottle={50}
  scrollRenderAheadDistance={1000}
  stickyHeaderIndices={Array []}>
  <View
    style={
      Array [
        Object {
          "backgroundColor": "#fff",
          "borderBottomWidth": 1,
          "borderColor": "#ddd",
          "flexDirection": "row",
          "justifyContent": "flex-start",
          "padding": 5,
          "position": "relative",
        },
        Object {
          "justifyContent": "center",
        },
      ]
    }>
    <Text
      accessible={true}
      allowFontScaling={true}
      ellipsizeMode="tail"
      style={
        Object {
          "fontSize": 18,
        }
      }>
      Test User
    </Text>
  </View>
  <View
    style={
      Array [
        Object {
          "backgroundColor": "#fff",
          "borderBottomWidth": 1,
          "borderColor": "#ddd",
          "flexDirection": "row",
          "justifyContent": "flex-start",
          "padding": 5,
          "position": "relative",
        },
        Object {
          "justifyContent": "center",
        },
      ]
    }>
    <Text
      accessible={true}
      allowFontScaling={true}
      ellipsizeMode="tail"
      style={
        Object {
          "fontSize": 18,
        }
      }>
      Test Two
    </Text>
  </View>
</ScrollView>
`;
